0 verbose cli C:\Program Files\nodejs\node.exe C:\Program Files\nodejs\node_modules\npm\bin\npm-cli.js
1 info using npm@10.9.0
2 info using node@v22.12.0
3 silly config load:file:C:\Users\ASUS\AppData\Roaming\nvm\v22.12.0\node_modules\npm\npmrc
4 silly config load:file:E:\FPTU Material\Semester 5\SWP391_Vegetarian_System\FE\.fig-tools\.npmrc
5 silly config load:file:C:\Users\ASUS\.npmrc
6 silly config load:file:E:\FPTU Material\Semester 5\SWP391_Vegetarian_System\FE\.fig-tools\etc\npmrc
7 verbose title npm install kiwi-schema
8 verbose argv "install" "kiwi-schema" "--prefix" ".fig-tools" "--no-save" "--package-lock" "false" "--offline" "false" "--cache" ".fig-tools/cache" "--no-audit" "--no-fund" "--fetch-retries" "0" "--fetch-timeout" "15000"
9 verbose logfile logs-max:10 dir:E:\FPTU Material\Semester 5\SWP391_Vegetarian_System\FE\.fig-tools\cache\_logs\2026-10-10T13_47_01_186Z-
10 verbose logfile E:\FPTU Material\Semester 5\SWP391_Vegetarian_System\FE\.fig-tools\cache\_logs\2026-10-10T13_47_01_186Z-debug-0.log
11 silly logfile done cleaning log files
12 silly packumentCache heap:4345298944 maxSize:1086324736 maxEntrySize:543162368
13 http fetch GET https://registry.npmjs.org/npm attempt 1 failed with ECONNREFUSED
14 silly idealTree buildDeps
15 silly fetch manifest kiwi-schema@*
16 silly packumentCache full:https://registry.npmjs.org/kiwi-schema cache-miss
17 http fetch GET https://registry.npmjs.org/kiwi-schema attempt 1 failed with ECONNREFUSED
18 silly placeDep ROOT kiwi-schema@ OK for:  want: *
19 verbose type system
20 verbose stack FetchError: request to https://registry.npmjs.org/kiwi-schema failed, reason: connect ECONNREFUSED 127.0.0.1:9
20 verbose stack     at ClientRequest.<anonymous> (C:\Users\ASUS\AppData\Roaming\nvm\v22.12.0\node_modules\npm\node_modules\minipass-fetch\lib\index.js:130:14)
20 verbose stack     at ClientRequest.emit (node:events:524:28)
20 verbose stack     at emitErrorEvent (node:_http_client:104:11)
20 verbose stack     at _destroy (node:_http_client:892:9)
20 verbose stack     at onSocketNT (node:_http_client:912:5)
20 verbose stack     at process.processTicksAndRejections (node:internal/process/task_queues:91:21)
21 error code ECONNREFUSED
22 error syscall connect
23 error errno ECONNREFUSED
24 error FetchError: request to https://registry.npmjs.org/kiwi-schema failed, reason: connect ECONNREFUSED 127.0.0.1:9
24 error     at ClientRequest.<anonymous> (C:\Users\ASUS\AppData\Roaming\nvm\v22.12.0\node_modules\npm\node_modules\minipass-fetch\lib\index.js:130:14)
24 error     at ClientRequest.emit (node:events:524:28)
24 error     at emitErrorEvent (node:_http_client:104:11)
24 error     at _destroy (node:_http_client:892:9)
24 error     at onSocketNT (node:_http_client:912:5)
24 error     at process.processTicksAndRejections (node:internal/process/task_queues:91:21) {
24 error   code: 'ECONNREFUSED',
24 error   errno: 'ECONNREFUSED',
24 error   syscall: 'connect',
24 error   address: '127.0.0.1',
24 error   port: 9,
24 error   type: 'system',
24 error   requiredBy: '.'
24 error }
25 error
25 error If you are behind a proxy, please make sure that the
25 error 'proxy' config is set properly.  See: 'npm help config'
26 silly unfinished npm timer reify 1791640030307
27 silly unfinished npm timer reify:loadTrees 1791640030334
28 verbose cwd E:\FPTU Material\Semester 5\SWP391_Vegetarian_System\FE
29 verbose os Windows_NT 10.0.22631
30 verbose node v22.12.0
31 verbose npm  v10.9.0
32 verbose exit 1
33 verbose code 1
34 error A complete log of this run can be found in: E:\FPTU Material\Semester 5\SWP391_Vegetarian_System\FE\.fig-tools\cache\_logs\2026-10-10T13_47_01_186Z-debug-0.log
